// Jest Snapshot v1, https://goo.gl/fbAQLP

exports[`should render TaskDetailsCard 1`] = `
<DocumentFragment>
  <div
    class="MuiPaper-root MuiCard-root MuiPaper-elevation8 MuiPaper-rounded"
  >
    <div>
      <div
        class="MuiCardContent-root TaskDetailsCard-cardContent-2"
      >
        <h5
          class="MuiTypography-root TaskDetailsCard-headline-1 MuiTypography-h5"
        >
          Task Details
        </h5>
        <ul
          class="MuiList-root MuiList-padding"
        >
          <li
            class="MuiListItem-root MuiListItem-gutters"
          >
            <div
              class="MuiListItemText-root MuiListItemText-multiline"
            >
              <span
                class="MuiTypography-root MuiListItemText-primary MuiTypography-body1 MuiTypography-displayBlock"
              >
                State
              </span>
              <p
                class="MuiTypography-root MuiListItemText-secondary MuiTypography-body2 MuiTypography-colorTextSecondary MuiTypography-displayBlock"
              >
                <button
                  class="MuiButtonBase-root MuiButton-root MuiButton-text Label-mini-17 MuiButton-textSizeSmall MuiButton-sizeSmall Label-dense-16 Mui-disabled Label-info-23 Label-disabled-18 Mui-disabled"
                  disabled=""
                  tabindex="-1"
                  type="button"
                >
                  <span
                    class="MuiButton-label"
                  >
                    RUNNING
                  </span>
                </button>
              </p>
            </div>
          </li>
          <div
            aria-disabled="false"
            class="MuiButtonBase-root MuiListItem-root makeStyles-listItemButtonRoot-24 MuiListItem-gutters MuiListItem-button"
            role="button"
            tabindex="0"
            title="taskId (Copy)"
          >
            <div
              class="MuiListItemText-root MuiListItemText-multiline"
            >
              <span
                class="MuiTypography-root MuiListItemText-primary MuiTypography-body1 MuiTypography-displayBlock"
              >
                Task ID
              </span>
              <p
                class="MuiTypography-root MuiListItemText-secondary MuiTypography-body2 MuiTypography-colorTextSecondary MuiTypography-displayBlock"
              >
                taskId
              </p>
            </div>
            <svg
              class="mdi-icon "
              fill="currentColor"
              height="24"
              viewBox="0 0 24 24"
              width="24"
            >
              <path
                d="M19,21H8V7H19M19,5H8A2,2 0 0,0 6,7V21A2,2 0 0,0 8,23H19A2,2 0 0,0 21,21V7A2,2 0 0,0 19,5M16,1H4A2,2 0 0,0 2,3V17H4V3H16V1Z"
              />
            </svg>
            <span
              class="MuiTouchRipple-root"
            />
          </div>
          <div
            aria-disabled="false"
            class="MuiButtonBase-root MuiListItem-root makeStyles-listItemButtonRoot-24 MuiListItem-gutters MuiListItem-button"
            role="button"
            tabindex="0"
            title="2022-02-15T12:00:00.000Z (Copy)"
          >
            <div
              class="MuiListItemText-root MuiListItemText-multiline"
            >
              <span
                class="MuiTypography-root MuiListItemText-primary MuiTypography-body1 MuiTypography-displayBlock"
              >
                Created
              </span>
              <p
                class="MuiTypography-root MuiListItemText-secondary MuiTypography-body2 MuiTypography-colorTextSecondary MuiTypography-displayBlock"
              >
                2 days ago
              </p>
            </div>
            <svg
              class="mdi-icon "
              fill="currentColor"
              height="24"
              viewBox="0 0 24 24"
              width="24"
            >
              <path
                d="M19,21H8V7H19M19,5H8A2,2 0 0,0 6,7V21A2,2 0 0,0 8,23H19A2,2 0 0,0 21,21V7A2,2 0 0,0 19,5M16,1H4A2,2 0 0,0 2,3V17H4V3H16V1Z"
              />
            </svg>
            <span
              class="MuiTouchRipple-root"
            />
          </div>
          <a
            href="/provisioners/task/worker-types/queue"
          >
            <div
              aria-disabled="false"
              class="MuiButtonBase-root MuiListItem-root TaskDetailsCard-listItemButton-5 MuiListItem-gutters MuiListItem-button"
              role="button"
              tabindex="0"
              title="View Workers"
            >
              <div
                class="MuiListItemText-root MuiListItemText-multiline"
              >
                <span
                  class="MuiTypography-root MuiListItemText-primary MuiTypography-body1 MuiTypography-displayBlock"
                >
                  Task Queue ID
                </span>
                <p
                  class="MuiTypography-root MuiListItemText-secondary MuiTypography-body2 MuiTypography-colorTextSecondary MuiTypography-displayBlock"
                >
                  task/queue/id
                </p>
              </div>
              <svg
                class="mdi-icon "
                fill="currentColor"
                height="24"
                viewBox="0 0 24 24"
                width="24"
              >
                <path
                  d="M3.9,12C3.9,10.29 5.29,8.9 7,8.9H11V7H7A5,5 0 0,0 2,12A5,5 0 0,0 7,17H11V15.1H7C5.29,15.1 3.9,13.71 3.9,12M8,13H16V11H8V13M17,7H13V8.9H17C18.71,8.9 20.1,10.29 20.1,12C20.1,13.71 18.71,15.1 17,15.1H13V17H17A5,5 0 0,0 22,12A5,5 0 0,0 17,7Z"
                />
              </svg>
              <span
                class="MuiTouchRipple-root"
              />
            </div>
          </a>
          <div
            aria-disabled="false"
            class="MuiButtonBase-root MuiListItem-root TaskDetailsCard-listItemButton-5 MuiListItem-gutters MuiListItem-button"
            role="button"
            tabindex="0"
          >
            <div
              class="MuiListItemText-root"
            >
              <span
                class="MuiTypography-root MuiListItemText-primary MuiTypography-body1 MuiTypography-displayBlock"
              >
                Payload
              </span>
            </div>
            <svg
              class="mdi-icon "
              fill="currentColor"
              height="24"
              viewBox="0 0 24 24"
              width="24"
            >
              <path
                d="M7.41,8.58L12,13.17L16.59,8.58L18,10L12,16L6,10L7.41,8.58Z"
              />
            </svg>
            <span
              class="MuiTouchRipple-root"
            />
          </div>
          <div
            class="MuiCollapse-root MuiCollapse-hidden"
            style="min-height: 0px;"
          >
            <div
              class="MuiCollapse-wrapper"
            >
              <div
                class="MuiCollapse-wrapperInner"
              >
                <div
                  class="MuiList-root"
                >
                  <li
                    class="MuiListItem-root MuiListItem-gutters"
                  >
                    <div
                      class="MuiListItemText-root"
                    >
                      <div
                        class="MuiTypography-root MuiTypography-body1"
                      >
                        <label
                          class="MuiGrid-root MuiGrid-container MuiGrid-spacing-xs-1 MuiGrid-align-items-xs-center"
                        >
                          <div
                            class="MuiGrid-root MuiGrid-item"
                          >
                            JSON
                          </div>
                          <div
                            class="MuiGrid-root MuiGrid-item"
                          >
                            <span
                              class="MuiSwitch-root"
                            >
                              <span
                                aria-disabled="false"
                                class="MuiButtonBase-root MuiIconButton-root PrivateSwitchBase-root-25 MuiSwitch-switchBase MuiSwitch-colorSecondary"
                              >
                                <span
                                  class="MuiIconButton-label"
                                >
                                  <input
                                    class="PrivateSwitchBase-input-28 MuiSwitch-input"
                                    name="yaml_json_switch"
                                    type="checkbox"
                                    value=""
                                  />
                                  <span
                                    class="MuiSwitch-thumb"
                                  />
                                </span>
                                <span
                                  class="MuiTouchRipple-root"
                                />
                              </span>
                              <span
                                class="MuiSwitch-track"
                              />
                            </span>
                          </div>
                          <div
                            class="MuiGrid-root MuiGrid-item"
                          >
                            YAML
                          </div>
                        </label>
                      </div>
                      <pre
                        class="language-json TaskDetailsCard-payload-9"
                      >
                        <code>
                          <span
                            class="hljs-punctuation"
                          >
                            {
                          </span>
                          
  
                          <span
                            class="hljs-attr"
                          >
                            "command"
                          </span>
                          <span
                            class="hljs-punctuation"
                          >
                            :
                          </span>
                           
                          <span
                            class="hljs-punctuation"
                          >
                            [
                          </span>
                          
    
                          <span
                            class="hljs-string"
                          >
                            "/bin/bash"
                          </span>
                          <span
                            class="hljs-punctuation"
                          >
                            ,
                          </span>
                          
    
                          <span
                            class="hljs-string"
                          >
                            "-c"
                          </span>
                          <span
                            class="hljs-punctuation"
                          >
                            ,
                          </span>
                          
    
                          <span
                            class="hljs-string"
                          >
                            "for ((i=1;i&lt;=600;i++)); do echo $i; sleep 1; done"
                          </span>
                          
  
                          <span
                            class="hljs-punctuation"
                          >
                            ]
                          </span>
                          <span
                            class="hljs-punctuation"
                          >
                            ,
                          </span>
                          
  
                          <span
                            class="hljs-attr"
                          >
                            "image"
                          </span>
                          <span
                            class="hljs-punctuation"
                          >
                            :
                          </span>
                           
                          <span
                            class="hljs-string"
                          >
                            "ubuntu:latest"
                          </span>
                          <span
                            class="hljs-punctuation"
                          >
                            ,
                          </span>
                          
  
                          <span
                            class="hljs-attr"
                          >
                            "maxRunTime"
                          </span>
                          <span
                            class="hljs-punctuation"
                          >
                            :
                          </span>
                           
                          <span
                            class="hljs-number"
                          >
                            630
                          </span>
                          

                          <span
                            class="hljs-punctuation"
                          >
                            }
                          </span>
                        </code>
                      </pre>
                    </div>
                  </li>
                </div>
              </div>
            </div>
          </div>
          <a
            class="TaskDetailsCard-listItemButton-5"
            href="/tasks/taskId/definition"
          >
            <div
              aria-disabled="false"
              class="MuiButtonBase-root MuiListItem-root TaskDetailsCard-listItemButton-5 MuiListItem-gutters MuiListItem-button"
              role="button"
              tabindex="0"
            >
              <div
                class="MuiListItemText-root"
              >
                <span
                  class="MuiTypography-root MuiListItemText-primary MuiTypography-body1 MuiTypography-displayBlock"
                >
                  Full Task Definition
                </span>
              </div>
              <span
                class="MuiTouchRipple-root"
              />
            </div>
          </a>
          <a
            aria-disabled="false"
            class="MuiButtonBase-root MuiListItem-root TaskDetailsCard-listItemButton-5 MuiListItem-gutters MuiListItem-button"
            href="https://test.taskcluster-dev.net/task/taskId"
            rel="noopener noreferrer"
            tabindex="0"
            target="_blank"
          >
            <div
              class="MuiListItemText-root TaskDetailsCard-sourceHeadlineText-4 MuiListItemText-multiline"
              title="https://test.taskcluster-dev.net/task/taskId"
            >
              <span
                class="MuiTypography-root MuiListItemText-primary MuiTypography-body1 MuiTypography-displayBlock"
              >
                Source
              </span>
              <p
                class="MuiTypography-root MuiListItemText-secondary TaskDetailsCard-sourceHeadline-3 MuiTypography-body2 MuiTypography-colorTextSecondary MuiTypography-displayBlock"
              >
                https://test.taskcluster-dev.net/task/taskId
              </p>
            </div>
            <svg
              class="mdi-icon "
              fill="currentColor"
              height="24"
              viewBox="0 0 24 24"
              width="24"
            >
              <path
                d="M14,3V5H17.59L7.76,14.83L9.17,16.24L19,6.41V10H21V3M19,19H5V5H12V3H5C3.89,3 3,3.9 3,5V19A2,2 0 0,0 5,21H19A2,2 0 0,0 21,19V12H19V19Z"
              />
            </svg>
            <span
              class="MuiTouchRipple-root"
            />
          </a>
          <li
            class="MuiListItem-root MuiListItem-gutters"
          >
            <div
              class="MuiListItemText-root MuiListItemText-multiline"
            >
              <span
                class="MuiTypography-root MuiListItemText-primary MuiTypography-body1 MuiTypography-displayBlock"
              >
                Retries Left
              </span>
              <p
                class="MuiTypography-root MuiListItemText-secondary MuiTypography-body2 MuiTypography-colorTextSecondary MuiTypography-displayBlock"
              >
                undefined of undefined
              </p>
            </div>
          </li>
          <div
            aria-disabled="false"
            class="MuiButtonBase-root MuiListItem-root makeStyles-listItemButtonRoot-24 MuiListItem-gutters MuiListItem-button"
            role="button"
            tabindex="0"
            title="2022-05-15T12:00:00.000Z (Copy)"
          >
            <div
              class="MuiListItemText-root MuiListItemText-multiline"
            >
              <span
                class="MuiTypography-root MuiListItemText-primary MuiTypography-body1 MuiTypography-displayBlock"
              >
                Deadline
              </span>
              <p
                class="MuiTypography-root MuiListItemText-secondary MuiTypography-body2 MuiTypography-colorTextSecondary MuiTypography-displayBlock"
              >
                in 3 months (3 months later)
              </p>
            </div>
            <svg
              class="mdi-icon "
              fill="currentColor"
              height="24"
              viewBox="0 0 24 24"
              width="24"
            >
              <path
                d="M19,21H8V7H19M19,5H8A2,2 0 0,0 6,7V21A2,2 0 0,0 8,23H19A2,2 0 0,0 21,21V7A2,2 0 0,0 19,5M16,1H4A2,2 0 0,0 2,3V17H4V3H16V1Z"
              />
            </svg>
            <span
              class="MuiTouchRipple-root"
            />
          </div>
          <div
            aria-disabled="false"
            class="MuiButtonBase-root MuiListItem-root makeStyles-listItemButtonRoot-24 MuiListItem-gutters MuiListItem-button"
            role="button"
            tabindex="0"
            title="2023-02-15T12:00:00.000Z (Copy)"
          >
            <div
              class="MuiListItemText-root MuiListItemText-multiline"
            >
              <span
                class="MuiTypography-root MuiListItemText-primary MuiTypography-body1 MuiTypography-displayBlock"
              >
                Expires
              </span>
              <p
                class="MuiTypography-root MuiListItemText-secondary MuiTypography-body2 MuiTypography-colorTextSecondary MuiTypography-displayBlock"
              >
                in 1 year
              </p>
            </div>
            <svg
              class="mdi-icon "
              fill="currentColor"
              height="24"
              viewBox="0 0 24 24"
              width="24"
            >
              <path
                d="M19,21H8V7H19M19,5H8A2,2 0 0,0 6,7V21A2,2 0 0,0 8,23H19A2,2 0 0,0 21,21V7A2,2 0 0,0 19,5M16,1H4A2,2 0 0,0 2,3V17H4V3H16V1Z"
              />
            </svg>
            <span
              class="MuiTouchRipple-root"
            />
          </div>
          <li
            class="MuiListItem-root MuiListItem-gutters"
          >
            <div
              class="MuiListItemText-root MuiListItemText-multiline"
            >
              <span
                class="MuiTypography-root MuiListItemText-primary MuiTypography-body1 MuiTypography-displayBlock"
              >
                Priority
              </span>
              <p
                class="MuiTypography-root MuiListItemText-secondary MuiTypography-body2 MuiTypography-colorTextSecondary MuiTypography-displayBlock"
              >
                <button
                  class="MuiButtonBase-root MuiButton-root MuiButton-text Label-mini-17 MuiButton-textSizeSmall MuiButton-sizeSmall Label-dense-16 Mui-disabled Label-info-23 Label-disabled-18 Mui-disabled"
                  disabled=""
                  tabindex="-1"
                  type="button"
                >
                  <span
                    class="MuiButton-label"
                  />
                </button>
              </p>
            </div>
          </li>
          <li
            class="MuiListItem-root MuiListItem-gutters"
          >
            <div
              class="MuiListItemText-root MuiListItemText-multiline"
            >
              <span
                class="MuiTypography-root MuiListItemText-primary MuiTypography-body1 MuiTypography-displayBlock"
              >
                Dependencies
              </span>
              <p
                class="MuiTypography-root MuiListItemText-secondary MuiTypography-body2 MuiTypography-colorTextSecondary MuiTypography-displayBlock"
              >
                <em>
                  n/a
                </em>
              </p>
            </div>
          </li>
          <li
            class="MuiListItem-root MuiListItem-gutters"
          >
            <div
              class="MuiListItemText-root MuiListItemText-multiline"
            >
              <span
                class="MuiTypography-root MuiListItemText-primary MuiTypography-body1 MuiTypography-displayBlock"
              >
                Dependents
              </span>
              <p
                class="MuiTypography-root MuiListItemText-secondary MuiTypography-body2 MuiTypography-colorTextSecondary MuiTypography-displayBlock"
              >
                <em>
                  n/a
                </em>
              </p>
            </div>
          </li>
          <li
            class="MuiListItem-root MuiListItem-gutters"
          >
            <div
              class="MuiListItemText-root"
            >
              <span
                class="MuiTypography-root MuiListItemText-primary MuiTypography-body1 MuiTypography-displayBlock"
              >
                Project ID
              </span>
            </div>
          </li>
          <li
            class="MuiListItem-root MuiListItem-gutters"
          >
            <div
              class="MuiListItemText-root"
            >
              <span
                class="MuiTypography-root MuiListItemText-primary MuiTypography-body1 MuiTypography-displayBlock"
              >
                Scheduler ID
              </span>
            </div>
          </li>
          <li
            class="MuiListItem-root MuiListItem-gutters"
          >
            <div
              class="MuiListItemText-root MuiListItemText-multiline"
            >
              <h6
                class="MuiTypography-root MuiTypography-subtitle1"
              >
                Scopes
              </h6>
              <ul
                class="TaskDetailsCard-unorderedList-7"
              >
                <li>
                  <span
                    class="MuiTypography-root MuiTypography-body2 MuiTypography-colorTextSecondary"
                  >
                    scopes
                  </span>
                </li>
              </ul>
            </div>
          </li>
          <li
            class="MuiListItem-root MuiListItem-gutters"
          >
            <div
              class="MuiListItemText-root MuiListItemText-multiline"
            >
              <h6
                class="MuiTypography-root MuiTypography-subtitle1"
              >
                Routes
              </h6>
              <em>
                n/a
              </em>
            </div>
          </li>
        </ul>
      </div>
    </div>
  </div>
</DocumentFragment>
`;
