// Jest Snapshot v1, https://goo.gl/fbAQLP

exports[`should render TaskRunsCard 1`] = `
<DocumentFragment>
  <div
    class="MuiPaper-root MuiCard-root MuiPaper-elevation8 MuiPaper-rounded"
  >
    <div>
      <div
        class="MuiCardContent-root TaskRunsCard-cardContent-2"
      >
        <div
          class="MuiPaper-root MuiMobileStepper-root MuiMobileStepper-positionStatic MuiPaper-elevation0"
        >
          <button
            class="MuiButtonBase-root MuiButton-root MuiButton-text TaskRunsCard-previousPageArrow-16 MuiButton-textSizeSmall MuiButton-sizeSmall Mui-disabled Mui-disabled"
            disabled=""
            tabindex="-1"
            type="button"
          >
            <span
              class="MuiButton-label"
            >
              <svg
                class="mdi-icon "
                fill="currentColor"
                height="24"
                viewBox="0 0 24 24"
                width="24"
              >
                <path
                  d="M15.41,16.58L10.83,12L15.41,7.41L14,6L8,12L14,18L15.41,16.58Z"
                />
              </svg>
              Previous
            </span>
          </button>
          <div
            class="MuiMobileStepper-dots"
          >
            <div
              class="MuiMobileStepper-dot"
            />
          </div>
          <button
            class="MuiButtonBase-root MuiButton-root MuiButton-text TaskRunsCard-nextPageArrow-17 MuiButton-textSizeSmall MuiButton-sizeSmall Mui-disabled Mui-disabled"
            disabled=""
            tabindex="-1"
            type="button"
          >
            <span
              class="MuiButton-label"
            >
              Next
              <svg
                class="mdi-icon "
                fill="currentColor"
                height="24"
                viewBox="0 0 24 24"
                width="24"
              >
                <path
                  d="M8.59,16.58L13.17,12L8.59,7.41L10,6L16,12L10,18L8.59,16.58Z"
                />
              </svg>
            </span>
          </button>
        </div>
        <h5
          class="MuiTypography-root TaskRunsCard-headline-1 MuiTypography-h5"
        >
          Task Run
        </h5>
        <div
          class="TaskRunsCard-boxVariant-9"
        >
          <svg
            class="TaskRunsCard-boxVariantIcon-8"
            height="24px"
            version="1.1"
            viewBox="0 0 24 24"
            width="24px"
            xmlns="http://www.w3.org/2000/svg"
          >
            <path
              d="M2,10.96C1.5,10.68 1.35,10.07 1.63,9.59L3.13,7C3.24,6.8 3.41,6.66 3.6,6.58L11.43,2.18C11.59,2.06 11.79,2 12,2C12.21,2 12.41,2.06 12.57,2.18L20.47,6.62C20.66,6.72 20.82,6.88 20.91,7.08L22.36,9.6C22.64,10.08 22.47,10.69 22,10.96L21,11.54V16.5C21,16.88 20.79,17.21 20.47,17.38L12.57,21.82C12.41,21.94 12.21,22 12,22C11.79,22 11.59,21.94 11.43,21.82L3.53,17.38C3.21,17.21 3,16.88 3,16.5V10.96C2.7,11.13 2.32,11.14 2,10.96M12,4.15V4.15L12,10.85V10.85L17.96,7.5L12,4.15M5,15.91L11,19.29V12.58L5,9.21V15.91M19,15.91V12.69L14,15.59C13.67,15.77 13.3,15.76 13,15.6V19.29L19,15.91M13.85,13.36L20.13,9.73L19.55,8.72L13.27,12.35L13.85,13.36Z"
              fill="rgba(0, 0, 0, 0.87)"
              opacity="0.05"
            />
          </svg>
          <h6
            class="MuiTypography-root TaskRunsCard-boxVariantText-10 MuiTypography-h6"
          >
            No Runs
          </h6>
          <p
            class="MuiTypography-root TaskRunsCard-boxVariantText-10 MuiTypography-body2"
          >
            A run will be created when the task gets scheduled.
          </p>
        </div>
      </div>
    </div>
  </div>
</DocumentFragment>
`;
