// Jest Snapshot v1, https://goo.gl/fbAQLP

exports[`TaskGroup page should render TaskGroup page 1`] = `<DocumentFragment />`;
